   0: qdrant::startup::setup_panic_hook::{{closure}}
   1: std::panicking::panic_with_hook
   2: std::panicking::panic_handler::{{closure}}
   3: std::sys::backtrace::__rust_end_short_backtrace
   4: __rustc::rust_begin_unwind
   5: core::panicking::panic_fmt
   6: <futures_util::stream::futures_unordered::FuturesUnordered<Fut> as futures_core::stream::Stream>::poll_next
   7: collection::collection::Collection::load::{{closure}}
   8: storage::content_manager::toc::TableOfContent::new::{{closure}}
   9: storage::content_manager::toc::TableOfContent::new
  10: qdrant::main
  11: std::sys::backtrace::__rust_begin_short_backtrace
  12: main
  13: <unknown>
  14: __libc_start_main
  15: _start

2026-03-18T14:24:03.776767Z ERROR qdrant::startup: Panic occurred in file /qdrant/lib/collection/src/shards/replica_set/mod.rs at line 319: Failed to load local shard "./storage/collections/ecommerce_rag/0": Service internal error: Wal error: Can't init WAL: Os { code: 2, kind: NotFound, message: "No such file or directory" }
           _                 _    
  __ _  __| |_ __ __ _ _ __ | |_  
 / _` |/ _` | '__/ _q_  
 \__, |\__,_|_|  \__,_|_| |_|\__| 
    |_|                           

Version: 1.17.0, build: 4ab6d2ee
Access web UI at http://localhost:6333/dashboard

2026-03-18T14:25:00.503347Z  WARN qdrant: There is a potential issue with the filesystem for storage path ./storage. Details: Unrecognized filesystem - cannot guarantee data safety
2026-03-18T14:25:00.505337Z  INFO storage::content_manager::consensus::persistent: Loading raft state from ./storage/raft_state.json
2026-03-18T14:25:00.583060Z  INFO storage::content_manager::toc: Loading collection: ecommerce_rag
2026-03-18T14:25:00.632799Z ERROR qdrant::startup: Panic backtrace: 
   0: qdrant::startup::setup_panic_hook::{{closure}}
   1: std::panicking::panic_with_hook
   2: std::panicking::panic_handler::{{closure}}
   3: std::sys::backtrace::__rust_end_short_backtrace
   4: __rustc::rust_begin_unwind
   5: core::panicking::panic_fmt
   6: <futures_util::stream::futures_unordered::FuturesUnordered<Fut> as futures_core::stream::Stream>::poll_next
   7: collection::collection::Collection::load::{{closure}}
   8: storage::content_manager::toc::TableOfContent::new::{{closure}}
   9: storage::content_manager::toc::TableOfContent::new
  10: qdrant::main
  11: std::sys::backtrace::__rust_begin_short_backtrace
  12: main
  13: <unknown>
  14: __libc_start_main
  15: _start

2026-03-18T14:25:00.632833Z ERROR qdrant::startup: Panic occurred in file /qdrant/lib/collection/src/shards/replica_set/mod.rs at line 319: Failed to load local shard "./storage/collections/ecommerce_rag/0": Service internal error: Wal error: Can't init WAL: Os { code: 2, kind: NotFound, message: "No such file or directory" }
